// Jest Snapshot v1, https://goo.gl/fbAQLP

exports[`svg circle  - svg 1`] = `"<circle fill="red" cx="100" cy="150" r="165" stroke="none"/>"`;

exports[`svg circle  - using a point 1`] = `"<circle fill="red" r="233" stroke="none" cx="181" cy="191"/>"`;

exports[`svg composite doc many circles 1`] = `"<svg width="200" height="250" viewBox="1 2 250 200" xmlns="http://www.w3.org/2000/svg"><circle fill="red" r="233" stroke="none" cx="181" cy="191"/><circle fill="red" r="233" stroke="none" cx="181" cy="191"/><circle fill="red" r="233" stroke="none" cx="181" cy="191"/></svg>"`;

exports[`svg doc empty doc 1`] = `"<svg width="200" height="250" viewBox="1 2 250 200" xmlns="http://www.w3.org/2000/svg"/>"`;

exports[`svg rect  - svg standard 1`] = `"<rect fill="red" width="33" height="44" x="0" y="1" stroke="none"/>"`;

exports[`svg rect  - using a rect 1`] = `"<rect fill="red" stroke="none" x="1" y="2" width="100" height="200"/>"`;

exports[`svg rect  - using origin and size 1`] = `"<rect fill="red" stroke="none" width="3" height="7" x="0" y="1"/>"`;
